// Vitest Snapshot v1, https://vitest.dev/guide/snapshot.html

exports[`Spinner UI Component > Snapshot should match 1`] = `
<div
  className="MuiBox-root css-zr70zr"
>
  <span
    className="MuiCircularProgress-root MuiCircularProgress-indeterminate MuiCircularProgress-colorPrimary css-18lrjg1-MuiCircularProgress-root"
    role="progressbar"
    style={
      {
        "height": 40,
        "width": 40,
      }
    }
  >
    <svg
      className="MuiCircularProgress-svg css-1idz92c-MuiCircularProgress-svg"
      viewBox="22 22 44 44"
    >
      <circle
        className="MuiCircularProgress-circle MuiCircularProgress-circleIndeterminate css-176wh8e-MuiCircularProgress-circle"
        cx={44}
        cy={44}
        fill="none"
        r={20.2}
        strokeWidth={3.6}
        style={{}}
      />
    </svg>
  </span>
</div>
`;
